<html>
<body>
<pre>
<h1>礦ision Build Log</h1>
<h2>Tool Versions:</h2>
IDE-Version: μVision V5.36.0.0
Copyright (C) 2021 ARM Ltd and ARM Germany GmbH. All rights reserved.
License Information: SHEN XUCHAO, SHENXUCHAO, LIC=21E4T-R4AME-FW32N-YHWFJ-4HUES-0F8YC
 
Tool Versions:
Toolchain:       MDK-ARM Plus  Version: 5.36.0.0
Toolchain Path:  D:\ruanjian\MDK\ARM\ARMCC\Bin
C Compiler:      Armcc.exe V5.06 update 7 (build 960)
Assembler:       Armasm.exe V5.06 update 7 (build 960)
Linker/Locator:  ArmLink.exe V5.06 update 7 (build 960)
Library Manager: ArmAr.exe V5.06 update 7 (build 960)
Hex Converter:   FromElf.exe V5.06 update 7 (build 960)
CPU DLL:         SARMCM3.DLL V5.36.0.0
Dialog DLL:      DCM.DLL V1.17.3.0
Target DLL:      CMSIS_AGDI.dll V1.33.0.0
Dialog DLL:      TCM.DLL V1.53.0.0
 
<h2>Project:</h2>
C:\Users\申旭超\Desktop\Temp\Temp\Project\RVMDK（uv5）\BH-F103.uvprojx
Project File Date:  09/27/2023

<h2>Output:</h2>
*** Using Compiler 'V5.06 update 7 (build 960)', folder: 'D:\ruanjian\MDK\ARM\ARMCC\Bin'
Rebuild target 'ADC-多通道-DMA读取'
assembling startup_stm32f10x_md.s...
compiling misc.c...
compiling stm32f10x_bkp.c...
compiling system_stm32f10x.c...
compiling stm32f10x_can.c...
compiling stm32f10x_adc.c...
compiling stm32f10x_cec.c...
compiling stm32f10x_crc.c...
compiling stm32f10x_dbgmcu.c...
compiling stm32f10x_dac.c...
compiling stm32f10x_exti.c...
compiling stm32f10x_dma.c...
compiling stm32f10x_flash.c...
compiling stm32f10x_gpio.c...
compiling stm32f10x_fsmc.c...
compiling stm32f10x_iwdg.c...
compiling stm32f10x_pwr.c...
compiling stm32f10x_i2c.c...
compiling stm32f10x_rcc.c...
compiling stm32f10x_rtc.c...
compiling stm32f10x_spi.c...
compiling stm32f10x_sdio.c...
compiling stm32f10x_usart.c...
compiling stm32f10x_wwdg.c...
compiling core_cm3.c...
compiling stm32f10x_tim.c...
compiling main.c...
compiling bsp_adc.c...
compiling stm32f10x_it.c...
compiling bsp_usart.c...
compiling delay.c...
compiling bsp_led.c...
compiling bsp_test.c...
..\..\User\test\bsp_test.c(41): warning:  #111-D: statement is unreachable
  	delay_ms(100);
..\..\User\test\bsp_test.c(42): warning:  #1-D: last line of file ends without a newline
  }
..\..\User\test\bsp_test.c: 2 warnings, 0 errors
linking...
Program Size: Code=10896 RO-data=268 RW-data=48 ZI-data=1024  
FromELF: creating hex file...
"..\..\Output\ADC-多通道-DMA读取.axf" - 0 Error(s), 2 Warning(s).

<h2>Software Packages used:</h2>

Package Vendor: Keil
                http://www.keil.com/pack/Keil.STM32F1xx_DFP.1.0.5.pack
                Keil.STM32F1xx_DFP.1.0.5
                STMicroelectronics STM32F1 Series Device Support, Drivers and Examples

<h2>Collection of Component include folders:</h2>
  D:\ruanjian\MDK\ARM\PACK\Keil\STM32F1xx_DFP\1.0.5\Device\Include

<h2>Collection of Component Files used:</h2>
Build Time Elapsed:  00:00:28
</pre>
</body>
</html>
